
==============================================================================
check1 — label-definition shift
==============================================================================
data: C:\Users\nikhi\Codes\pclCodebase\chat1_protocol\data\eICU-demo
cohort n=1627   ICD prevalence=0.146   SOFA(single) prevalence=0.058   SOFA(window) prevalence=0.089

--- positive (ICD vs SOFA) ---
  prevalence      site1=0.153  site2=0.068  ratio=2.26   (weak signal, flag>1.5)
  audit subset    n=500  raw agreement=0.878  kappa=0.358   (flag<0.6)
  ==> FLAGGED: label-definition mismatch

--- negative (SOFA window vs single) ---
  prevalence      site1=0.080  site2=0.068  ratio=1.18   (weak signal, flag>1.5)
  audit subset    n=500  raw agreement=0.962  kappa=0.771   (flag<0.6)
  ==> clean

==============================================================================
check2 — pretraining leakage
==============================================================================
source=651  leak pool=675  probe=225 (probe never pretrained on)
C:\Users\nikhi\Codes\pclCodebase\chat1_protocol\src\models\backbone.py:90: UserWarning: enable_nested_tensor is True, but self.use_nested_tensor is False because encoder_layer.norm_first was True
  self.encoder = nn.TransformerEncoder(encoder_layer, num_layers=n_layers)
C:\Users\nikhi\Codes\pclCodebase\chat1_protocol\src\models\backbone.py:90: UserWarning: enable_nested_tensor is True, but self.use_nested_tensor is False because encoder_layer.norm_first was True
  self.encoder = nn.TransformerEncoder(encoder_layer, num_layers=n_layers)
  seed 42 done (1/5)
